nohup: ignoring input
1. gid=50292374 mc=169923 posts_win=40 er_posts=40 avgER=0.0389 last=2026-09-27
2. gid=228454009 mc=48771 posts_win=1 er_posts=1 avgER=0.0000 last=2026-09-13
3. gid=74969574 mc=46244 posts_win=93 er_posts=94 avgER=0.1871 last=2026-09-27
4. gid=230560921 mc=43223 posts_win=40 er_posts=40 avgER=0.5947 last=2026-09-27
5. gid=230467199 mc=31195 posts_win=1 er_posts=1 avgER=0.0000 last=2026-09-13
6. gid=9019120 mc=26049 posts_win=23 er_posts=24 avgER=0.2939 last=2026-09-22
7. gid=232700090 mc=25735 posts_win=0 er_posts=0 avgER=n/a last=none
8. gid=18128701 mc=22540 posts_win=259 er_posts=259 avgER=0.0159 last=2026-09-27
9. gid=81366552 mc=17215 posts_win=0 er_posts=0 avgER=n/a last=none
10. gid=3929094 mc=17052 posts_win=3 er_posts=3 avgER=0.0300 last=2026-09-27
11. gid=51944057 mc=14783 posts_win=0 er_posts=0 avgER=n/a last=none
12. gid=177661545 mc=14266 posts_win=7 er_posts=8 avgER=0.0021 last=2026-09-25
13. gid=181731828 mc=13709 posts_win=0 er_posts=0 avgER=n/a last=none
14. gid=229811557 mc=11488 posts_win=23 er_posts=24 avgER=0.0047 last=2026-09-26
15. gid=162997264 mc=10568 posts_win=36 er_posts=37 avgER=0.1433 last=2026-09-27
16. gid=119422593 mc=9778 posts_win=16 er_posts=17 avgER=0.4701 last=2026-09-25
17. gid=130807372 mc=9460 posts_win=10 er_posts=10 avgER=0.0490 last=2026-09-24
18. gid=182196865 mc=9453 posts_win=7 er_posts=8 avgER=0.0257 last=2026-09-22
19. gid=229937757 mc=9423 posts_win=1500 er_posts=684 avgER=0.1040 last=2026-09-27
20. gid=50932145 mc=9355 posts_win=0 er_posts=1 avgER=0.0000 last=none
21. gid=69547994 mc=9222 posts_win=0 er_posts=0 avgER=n/a last=none
22. gid=126205166 mc=8290 posts_win=14 er_posts=14 avgER=0.0207 last=2026-09-25
23. gid=123925557 mc=7512 posts_win=34 er_posts=35 avgER=0.0261 last=2026-09-27
24. gid=228573225 mc=7481 posts_win=23 er_posts=24 avgER=0.0089 last=2026-09-27
25. gid=193523760 mc=6573 posts_win=7 er_posts=8 avgER=0.0505 last=2026-09-26
26. gid=24338470 mc=6138 posts_win=6 er_posts=6 avgER=0.0000 last=2026-09-24
27. gid=226287954 mc=6036 posts_win=36 er_posts=37 avgER=0.0492 last=2026-09-27
28. gid=148507681 mc=5864 posts_win=0 er_posts=0 avgER=n/a last=none
29. gid=121887757 mc=5377 posts_win=0 er_posts=1 avgER=0.0168 last=none
30. gid=144796569 mc=5370 posts_win=7 er_posts=8 avgER=0.1177 last=2026-09-25
31. gid=166596452 mc=5242 posts_win=97 er_posts=98 avgER=0.1530 last=2026-09-26
32. gid=188907878 mc=5202 posts_win=1004 er_posts=830 avgER=0.3267 last=2026-09-27
33. gid=215718035 mc=5107 posts_win=12 er_posts=13 avgER=0.2204 last=2026-09-27
34. gid=88827242 mc=5075 posts_win=29 er_posts=29 avgER=0.2517 last=2026-09-27
35. gid=118404537 mc=4969 posts_win=95 er_posts=38 avgER=0.0270 last=2026-09-27
36. gid=167297725 mc=4931 posts_win=19 er_posts=20 avgER=0.0299 last=2026-09-24
37. gid=155592044 mc=4492 posts_win=8 er_posts=8 avgER=0.0135 last=2026-09-11
38. gid=226221177 mc=4327 posts_win=1 er_posts=2 avgER=0.1662 last=2026-09-09
39. gid=215576367 mc=4293 posts_win=40 er_posts=41 avgER=0.2534 last=2026-09-27
40. gid=204150150 mc=4167 posts_win=3 er_posts=3 avgER=0.0000 last=2026-09-24
41. gid=187402687 mc=4131 posts_win=2 er_posts=2 avgER=0.2012 last=2026-09-05
42. gid=194323788 mc=4074 posts_win=1 er_posts=1 avgER=0.0172 last=2026-09-09
43. gid=7548514 mc=3992 posts_win=7 er_posts=7 avgER=0.0087 last=2026-09-25
44. gid=145829731 mc=3906 posts_win=0 er_posts=0 avgER=n/a last=none
45. gid=221580482 mc=3257 posts_win=3 er_posts=3 avgER=0.0000 last=2026-09-24
46. gid=138284512 mc=3150 posts_win=22 er_posts=22 avgER=0.0615 last=2026-09-27
47. gid=59955618 mc=2929 posts_win=18 er_posts=16 avgER=0.0929 last=2026-09-27
48. gid=137266458 mc=2901 posts_win=0 er_posts=0 avgER=n/a last=none
49. gid=147481469 mc=2900 posts_win=9 er_posts=10 avgER=0.0366 last=2026-09-25
50. gid=191161526 mc=2770 posts_win=15 er_posts=16 avgER=0.0519 last=2026-09-24
51. gid=215597025 mc=2765 posts_win=4 er_posts=5 avgER=0.0645 last=2026-09-21
52. gid=82167348 mc=2706 posts_win=0 er_posts=0 avgER=n/a last=none
53. gid=60829919 mc=2652 posts_win=0 er_posts=0 avgER=n/a last=none
54. gid=68799055 mc=2542 posts_win=0 er_posts=1 avgER=0.0346 last=none
55. gid=32260859 mc=2474 posts_win=9 er_posts=9 avgER=0.1548 last=2026-09-25
56. gid=211327976 mc=2471 posts_win=0 er_posts=1 avgER=0.0143 last=none
57. gid=135768481 mc=2382 posts_win=0 er_posts=1 avgER=0.0041 last=none
58. gid=20800880 mc=2281 posts_win=3 er_posts=4 avgER=0.0402 last=2026-09-08
59. gid=159555122 mc=2236 posts_win=0 er_posts=1 avgER=0.0062 last=none
60. gid=9742864 mc=2215 posts_win=10 er_posts=11 avgER=0.1484 last=2026-09-26
61. gid=218857073 mc=2203 posts_win=1 er_posts=1 avgER=0.0135 last=2026-09-15
62. gid=57889535 mc=2137 posts_win=0 er_posts=0 avgER=n/a last=none
63. gid=36227805 mc=2118 posts_win=9 er_posts=10 avgER=0.0870 last=2026-09-25
64. gid=213736371 mc=2107 posts_win=9 er_posts=9 avgER=0.0328 last=2026-09-25
65. gid=5865999 mc=2030 posts_win=2 er_posts=2 avgER=0.0377 last=2026-09-07
66. gid=43151668 mc=2028 posts_win=11 er_posts=10 avgER=0.0244 last=2026-09-27
67. gid=224095638 mc=1991 posts_win=0 er_posts=1 avgER=0.0713 last=none
68. gid=60383143 mc=1946 posts_win=10 er_posts=10 avgER=0.0327 last=2026-09-24
69. gid=211300624 mc=1922 posts_win=4 er_posts=5 avgER=0.0212 last=2026-09-17
70. gid=70745332 mc=1895 posts_win=0 er_posts=0 avgER=n/a last=none
saved. errors: 0
